 d3d9_symbols

 Timestamp is 6ab30691 (Tue Sep 22 23:52:01 2026)

 Preferred load address is 10000000

 Start         Length     Name                   Class
 0001:00000000 00002e04H .text$mn                CODE
 0002:00000000 00000050H .idata$5                DATA
 0002:00000050 000005c0H .rdata                  DATA
 0002:00000610 0000008cH .edata                  DATA
 0002:0000069c 00000018H .rdata$voltmd           DATA
 0002:000006b4 000000ecH .rdata$zzzdbg           DATA
 0002:000007a0 00000014H .idata$2                DATA
 0002:000007b4 00000014H .idata$3                DATA
 0002:000007c8 00000050H .idata$4                DATA
 0002:00000818 0000015aH .idata$6                DATA
 0003:00000000 00000008H .data                   DATA
 0003:00000008 0001172cH .bss                    DATA

  Address         Publics by Value              Rva+Base       Lib:Object

 0000:00000000       ___AbsoluteZero            00000000     <absolute>
 0000:00000000       ___arm64x_extra_rfe_table  00000000     <absolute>
 0000:00000000       ___arm64x_extra_rfe_table_size 00000000     <absolute>
 0000:00000000       ___arm64x_native_entrypoint 00000000     <absolute>
 0000:00000000       ___arm64x_redirection_metadata 00000000     <absolute>
 0000:00000000       ___arm64x_redirection_metadata_count 00000000     <absolute>
 0000:00000000       ___dynamic_value_reloc_table 00000000     <absolute>
 0000:00000000       ___enclave_config          00000000     <absolute>
 0000:00000000       ___guard_check_icall_a64n_fptr 00000000     <absolute>
 0000:00000000       ___guard_eh_cont_count     00000000     <absolute>
 0000:00000000       ___guard_eh_cont_table     00000000     <absolute>
 0000:00000000       ___guard_fids_count        00000000     <absolute>
 0000:00000000       ___guard_fids_table        00000000     <absolute>
 0000:00000000       ___guard_iat_count         00000000     <absolute>
 0000:00000000       ___guard_iat_table         00000000     <absolute>
 0000:00000000       ___guard_longjmp_count     00000000     <absolute>
 0000:00000000       ___guard_longjmp_table     00000000     <absolute>
 0000:00000000       ___hybrid_auxiliary_delayload_iat 00000000     <absolute>
 0000:00000000       ___hybrid_auxiliary_delayload_iat_copy 00000000     <absolute>
 0000:00000000       ___hybrid_auxiliary_iat    00000000     <absolute>
 0000:00000000       ___hybrid_auxiliary_iat_copy 00000000     <absolute>
 0000:00000000       ___hybrid_code_map         00000000     <absolute>
 0000:00000000       ___hybrid_code_map_count   00000000     <absolute>
 0000:00000000       ___hybrid_image_info_bitfield 00000000     <absolute>
 0000:00000000       ___safe_se_handler_count   00000000     <absolute>
 0000:00000000       ___safe_se_handler_table   00000000     <absolute>
 0000:00000000       ___x64_code_ranges_to_entry_points 00000000     <absolute>
 0000:00000000       ___x64_code_ranges_to_entry_points_count 00000000     <absolute>
 0000:00000100       ___guard_flags             00000100     <absolute>
 0001:00000000       _Direct3DCreate9@4         10001000 f   d3d9_main.obj
 0001:00000237       __DllMainCRTStartup@12     10001237 f   d3d9_main.obj
 0001:000002f6       _log_close                 100012f6 f   d3d9_main.obj
 0001:00000312       _log_hex                   10001312 f   d3d9_main.obj
 0001:00000375       _log_open                  10001375 f   d3d9_main.obj
 0001:00000398       _log_str                   10001398 f   d3d9_main.obj
 0001:0000061a       _WrappedD3D9_Create        1000161a f   d3d9_wrapper.obj
 0001:00001870       _WrappedDevice_Create      10002870 f   d3d9_device.obj
 0001:000027af       _memcpy                    100037af f   d3d9_device.obj
 0001:000027d1       _memset                    100037d1 f   d3d9_device.obj
 0002:00000000       __imp__CreateFileA@28      10004000     kernel32:KERNEL32.dll
 0002:00000004       __imp__WriteFile@20        10004004     kernel32:KERNEL32.dll
 0002:00000008       __imp__CloseHandle@4       10004008     kernel32:KERNEL32.dll
 0002:0000000c       __imp__GetSystemDirectoryA@8 1000400c     kernel32:KERNEL32.dll
 0002:00000010       __imp__FreeLibrary@4       10004010     kernel32:KERNEL32.dll
 0002:00000014       __imp__GetModuleFileNameA@12 10004014     kernel32:KERNEL32.dll
 0002:00000018       __imp__GetProcAddress@8    10004018     kernel32:KERNEL32.dll
 0002:0000001c       __imp__LoadLibraryA@4      1000401c     kernel32:KERNEL32.dll
 0002:00000020       __imp__GetPrivateProfileIntA@16 10004020     kernel32:KERNEL32.dll
 0002:00000024       __imp__GetPrivateProfileStringA@24 10004024     kernel32:KERNEL32.dll
 0002:00000028       __imp__HeapAlloc@12        10004028     kernel32:KERNEL32.dll
 0002:0000002c       __imp__HeapFree@12         1000402c     kernel32:KERNEL32.dll
 0002:00000030       __imp__GetProcessHeap@0    10004030     kernel32:KERNEL32.dll
 0002:00000034       __imp__CompareFileTime@8   10004034     kernel32:KERNEL32.dll
 0002:00000038       __imp__GetFileAttributesExA@12 10004038     kernel32:KERNEL32.dll
 0002:0000003c       __imp__GetFileSize@8       1000403c     kernel32:KERNEL32.dll
 0002:00000040       __imp__ReadFile@20         10004040     kernel32:KERNEL32.dll
 0002:00000044       __imp__VirtualProtect@16   10004044     kernel32:KERNEL32.dll
 0002:00000048       __imp__GetModuleHandleA@4  10004048     kernel32:KERNEL32.dll
 0002:0000004c       \177KERNEL32_NULL_THUNK_DATA 1000404c     kernel32:KERNEL32.dll
 0002:00000050       ??_C@_0O@IPAKFJAI@ffp_proxy?4log@ 10004050     d3d9_main.obj
 0002:00000060       ??_C@_0BB@JGGOGLEG@0123456789ABCDEF@ 10004060     d3d9_main.obj
 0002:00000074       ??_C@_0CC@GNFKANOL@?$DN?$DN?$DN?5DX9?5Shader?9to?9FFP?5Proxy?5?$DN?$DN?$DN?$AN@ 10004074     d3d9_main.obj
 0002:00000098       ??_C@_09KBJGDI@proxy?4ini@ 10004098     d3d9_main.obj
 0002:000000a4       ??_C@_07DOAOMMKG@Enabled@  100040a4     d3d9_main.obj
 0002:000000ac       ??_C@_05DHAFCDBC@Remix@    100040ac     d3d9_main.obj
 0002:000000b2       ??_C@_00CNPNBAHC@@         100040b2     d3d9_main.obj
 0002:000000b4       ??_C@_0L@GMBEDNDE@PreloadDLL@ 100040b4     d3d9_main.obj
 0002:000000c0       ??_C@_05FBFBDMPC@Chain@    100040c0     d3d9_main.obj
 0002:000000c8       ??_C@_0BB@EBJJPAIK@Preloading?5DLL?3?5@ 100040c8     d3d9_main.obj
 0002:000000dc       ??_C@_02PCIJFNDE@?$AN?6@   100040dc     d3d9_main.obj
 0002:000000e0       ??_C@_0P@MFGBKECN@?5?5Preload?5OK?$AN?6@ 100040e0     d3d9_main.obj
 0002:000000f0       ??_C@_0BM@CMGKDLB@?5?5WARNING?3?5Preload?5failed?$AN?6@ 100040f0     d3d9_main.obj
 0002:0000010c       ??_C@_0P@IPJMGNCI@d3d9_remix?4dll@ 1000410c     d3d9_main.obj
 0002:0000011c       ??_C@_07PAOHIIEE@DLLName@  1000411c     d3d9_main.obj
 0002:00000124       ??_C@_0BJ@LBFGHKND@Remix?5enabled?0?5loading?3?5@ 10004124     d3d9_main.obj
 0002:00000140       ??_C@_0EA@CPBNIEJG@WARNING?3?5Remix?5DLL?5not?5found?0?5fa@ 10004140     d3d9_main.obj
 0002:00000180       ??_C@_0BK@IIHDKDHP@Loading?5system?5d3d9?4dll?3?5@ 10004180     d3d9_main.obj
 0002:0000019c       ??_C@_0CF@MNLKAAAK@FATAL?3?5Failed?5to?5load?5d3d9?5backe@ 1000419c     d3d9_main.obj
 0002:000001c4       ??_C@_0BA@FAFMMBOF@Direct3DCreate9@ 100041c4     d3d9_main.obj
 0002:000001d4       ??_C@_0DC@LDJILNGP@FATAL?3?5Direct3DCreate9?5not?5found@ 100041d4     d3d9_main.obj
 0002:00000208       ??_C@_0CM@CPBJACLE@ERROR?3?5Real?5Direct3DCreate9?5retu@ 10004208     d3d9_main.obj
 0002:00000234       ??_C@_0BL@IIMAGHKD@?5?5CreateDevice?5FAILED?0?5hr?$DN@ 10004234     d3d9_wrapper.obj
 0002:00000250       ??_C@_0CL@FMBBIKKH@?5?5ERROR?3?5Failed?5to?5create?5wrappe@ 10004250     d3d9_wrapper.obj
 0002:000002f4       ??_C@_0CG@NACPPAIB@Particle?5COLOR0?5declaration?5crea@ 100042f4     d3d9_device.obj
 0002:0000031c       ??_C@_0CM@EEGJCPCD@Terrain?5tag?3?5d3d9_remix?4dll?5is?5n@ 1000431c     d3d9_device.obj
 0002:00000348       ??_C@_0BL@CJEBDFDK@remixapi_InitializeLibrary@ 10004348     d3d9_device.obj
 0002:00000364       ??_C@_0DJ@LLEKPPN@Terrain?5tag?3?5remixapi_Initialize@ 10004364     d3d9_device.obj
 0002:000003a0       ??_C@_0CP@FBIEHJOL@Terrain?5tag?3?5Remix?5API?5initializ@ 100043a0     d3d9_device.obj
 0002:000003d0       ??_C@_0DM@BFCEKPPK@Terrain?5tag?3?5required?5Remix?5API?5@ 100043d0     d3d9_device.obj
 0002:0000040c       ??_C@_0DD@MIFGEJNC@Terrain?5tag?3?5terrain?5draw?5has?5no@ 1000440c     d3d9_device.obj
 0002:00000440       ??_C@_0CK@LPPGOKBI@Terrain?5tag?3?5texture?5hash?5lookup@ 10004440     d3d9_device.obj
 0002:0000046c       ??_C@_0CJ@DMGHKHHN@Terrain?5tag?3?5texture?5hash?5is?5not@ 1000446c     d3d9_device.obj
 0002:00000498       ??_C@_0BE@GLLCFIJK@rtx?4terrainTextures@ 10004498     d3d9_device.obj
 0002:000004ac       ??_C@_0CF@JFMGFLNG@Terrain?5tag?3?5AddTextureHash?5fail@ 100044ac     d3d9_device.obj
 0002:000004d4       ??_C@_0CA@EDKNLMGJ@Auto?9tagged?5terrain?5texture?3?50x@ 100044d4     d3d9_device.obj
 0002:000004f4       ??_C@_08MBKBKFKB@rtx?4conf@ 100044f4     d3d9_device.obj
 0002:00000500       ??_C@_0BF@JBHMIMEM@rtx?4particleTextures@ 10004500     d3d9_device.obj
 0002:00000518       ??_C@_0BC@ELEMBNJB@rtx?4decalTextures@ 10004518     d3d9_device.obj
 0002:0000052c       ??_C@_0CA@NKDJNJFC@Reloaded?5particle?5texture?5tags?$DN@ 1000452c     d3d9_device.obj
 0002:0000054c       ??_C@_0BN@IPAGIFNF@Reloaded?5decal?5texture?5tags?$DN@ 1000454c     d3d9_device.obj
 0002:0000056c       ??_C@_0CA@MDBEFEKI@Terrain?5render?5scope?5observed?$AN?6@ 1000456c     d3d9_device.obj
 0002:0000058c       ??_C@_0DI@NNHBDCBE@WrappedDevice_Create?3?5JPOG?5Matri@ 1000458c     d3d9_device.obj
 0002:000005c4       __real@358637bd            100045c4     d3d9_device.obj
 0002:000005c8       __real@3727c5ac            100045c8     d3d9_device.obj
 0002:000005cc       __real@3a83126f            100045cc     d3d9_device.obj
 0002:000005d0       __real@3f800000            100045d0     d3d9_device.obj
 0002:000005d4       __real@451c4000            100045d4     d3d9_device.obj
 0002:000005d8       __real@b58637bd            100045d8     d3d9_device.obj
 0002:000005dc       __real@b727c5ac            100045dc     d3d9_device.obj
 0002:000005e0       __xmm@80000000800000008000000080000000 100045e0     d3d9_device.obj
 0002:0000069c       ___volatile_metadata       1000469c     <linker-defined>
 0002:000007a0       __IMPORT_DESCRIPTOR_KERNEL32 100047a0     kernel32:KERNEL32.dll
 0002:000007b4       __NULL_IMPORT_DESCRIPTOR   100047b4     kernel32:KERNEL32.dll
 0003:00000008       _g_hInstance               10005008     d3d9_main.obj
 0003:0000000c       __fltused                  1000500c     d3d9_main.obj
 0003:00000068       _g_skipWorldOverride       10005068     d3d9_device.obj
 0003:0000006c       _g_terrainRenderActive     1000506c     d3d9_device.obj

 entry point at        0001:00000237

 Static symbols

 0001:00000290       _get_dll_sibling_path      10001290 f   d3d9_main.obj
 0001:000003ce       _W9_AddRef@4               100013ce f   d3d9_wrapper.obj
 0001:000003e1       _W9_CheckDepthStencilMatch@24 100013e1 f   d3d9_wrapper.obj
 0001:00000403       _W9_CheckDeviceFormat@28   10001403 f   d3d9_wrapper.obj
 0001:00000428       _W9_CheckDeviceFormatConversion@20 10001428 f   d3d9_wrapper.obj
 0001:00000447       _W9_CheckDeviceMultiSampleType@28 10001447 f   d3d9_wrapper.obj
 0001:0000046c       _W9_CheckDeviceType@24     1000146c f   d3d9_wrapper.obj
 0001:0000048e       _W9_CreateDevice@28        1000148e f   d3d9_wrapper.obj
 0001:00000511       _W9_EnumAdapterModes@20    10001511 f   d3d9_wrapper.obj
 0001:00000530       _W9_GetAdapterCount@4      10001530 f   d3d9_wrapper.obj
 0001:00000540       _W9_GetAdapterDisplayMode@12 10001540 f   d3d9_wrapper.obj
 0001:00000558       _W9_GetAdapterIdentifier@16 10001558 f   d3d9_wrapper.obj
 0001:00000574       _W9_GetAdapterModeCount@12 10001574 f   d3d9_wrapper.obj
 0001:0000058c       _W9_GetAdapterMonitor@8    1000158c f   d3d9_wrapper.obj
 0001:000005a0       _W9_GetDeviceCaps@16       100015a0 f   d3d9_wrapper.obj
 0001:000005bc       _W9_QueryInterface@12      100015bc f   d3d9_wrapper.obj
 0001:000005d3       _W9_RegisterSoftwareDevice@8 100015d3 f   d3d9_wrapper.obj
 0001:000005e7       _W9_Release@4              100015e7 f   d3d9_wrapper.obj
 0001:000006f3       _Relay_03@0                100016f3 f   d3d9_device.obj
 0001:00000703       _Relay_04@0                10001703 f   d3d9_device.obj
 0001:00000713       _Relay_05@0                10001713 f   d3d9_device.obj
 0001:00000723       _Relay_06@0                10001723 f   d3d9_device.obj
 0001:00000733       _Relay_07@0                10001733 f   d3d9_device.obj
 0001:00000743       _Relay_08@0                10001743 f   d3d9_device.obj
 0001:00000753       _Relay_09@0                10001753 f   d3d9_device.obj
 0001:00000763       _Relay_101@0               10001763 f   d3d9_device.obj
 0001:00000776       _Relay_102@0               10001776 f   d3d9_device.obj
 0001:00000789       _Relay_103@0               10001789 f   d3d9_device.obj
 0001:0000079c       _Relay_104@0               1000179c f   d3d9_device.obj
 0001:000007af       _Relay_105@0               100017af f   d3d9_device.obj
 0001:000007c2       _Relay_106@0               100017c2 f   d3d9_device.obj
 0001:000007d5       _Relay_108@0               100017d5 f   d3d9_device.obj
 0001:000007e8       _Relay_109@0               100017e8 f   d3d9_device.obj
 0001:000007fb       _Relay_10@0                100017fb f   d3d9_device.obj
 0001:0000080b       _Relay_110@0               1000180b f   d3d9_device.obj
 0001:0000081e       _Relay_111@0               1000181e f   d3d9_device.obj
 0001:00000831       _Relay_112@0               10001831 f   d3d9_device.obj
 0001:00000844       _Relay_113@0               10001844 f   d3d9_device.obj
 0001:00000857       _Relay_114@0               10001857 f   d3d9_device.obj
 0001:0000086a       _Relay_115@0               1000186a f   d3d9_device.obj
 0001:0000087d       _Relay_116@0               1000187d f   d3d9_device.obj
 0001:00000890       _Relay_117@0               10001890 f   d3d9_device.obj
 0001:000008a3       _Relay_118@0               100018a3 f   d3d9_device.obj
 0001:000008b6       _Relay_11@0                100018b6 f   d3d9_device.obj
 0001:000008c6       _Relay_12@0                100018c6 f   d3d9_device.obj
 0001:000008d6       _Relay_13@0                100018d6 f   d3d9_device.obj
 0001:000008e6       _Relay_14@0                100018e6 f   d3d9_device.obj
 0001:000008f6       _Relay_15@0                100018f6 f   d3d9_device.obj
 0001:00000906       _Relay_18@0                10001906 f   d3d9_device.obj
 0001:00000916       _Relay_19@0                10001916 f   d3d9_device.obj
 0001:00000926       _Relay_20@0                10001926 f   d3d9_device.obj
 0001:00000936       _Relay_21@0                10001936 f   d3d9_device.obj
 0001:00000946       _Relay_22@0                10001946 f   d3d9_device.obj
 0001:00000956       _Relay_23@0                10001956 f   d3d9_device.obj
 0001:00000966       _Relay_24@0                10001966 f   d3d9_device.obj
 0001:00000976       _Relay_25@0                10001976 f   d3d9_device.obj
 0001:00000986       _Relay_27@0                10001986 f   d3d9_device.obj
 0001:00000996       _Relay_28@0                10001996 f   d3d9_device.obj
 0001:000009a6       _Relay_29@0                100019a6 f   d3d9_device.obj
 0001:000009b6       _Relay_30@0                100019b6 f   d3d9_device.obj
 0001:000009c6       _Relay_31@0                100019c6 f   d3d9_device.obj
 0001:000009d6       _Relay_32@0                100019d6 f   d3d9_device.obj
 0001:000009e9       _Relay_33@0                100019e9 f   d3d9_device.obj
 0001:000009fc       _Relay_34@0                100019fc f   d3d9_device.obj
 0001:00000a0f       _Relay_35@0                10001a0f f   d3d9_device.obj
 0001:00000a22       _Relay_36@0                10001a22 f   d3d9_device.obj
 0001:00000a35       _Relay_37@0                10001a35 f   d3d9_device.obj
 0001:00000a48       _Relay_38@0                10001a48 f   d3d9_device.obj
 0001:00000a5b       _Relay_39@0                10001a5b f   d3d9_device.obj
 0001:00000a6e       _Relay_40@0                10001a6e f   d3d9_device.obj
 0001:00000a81       _Relay_41@0                10001a81 f   d3d9_device.obj
 0001:00000a94       _Relay_42@0                10001a94 f   d3d9_device.obj
 0001:00000aa7       _Relay_43@0                10001aa7 f   d3d9_device.obj
 0001:00000aba       _Relay_45@0                10001aba f   d3d9_device.obj
 0001:00000acd       _Relay_46@0                10001acd f   d3d9_device.obj
 0001:00000ae0       _Relay_47@0                10001ae0 f   d3d9_device.obj
 0001:00000af3       _Relay_48@0                10001af3 f   d3d9_device.obj
 0001:00000b06       _Relay_49@0                10001b06 f   d3d9_device.obj
 0001:00000b19       _Relay_50@0                10001b19 f   d3d9_device.obj
 0001:00000b2c       _Relay_51@0                10001b2c f   d3d9_device.obj
 0001:00000b3f       _Relay_52@0                10001b3f f   d3d9_device.obj
 0001:00000b52       _Relay_53@0                10001b52 f   d3d9_device.obj
 0001:00000b65       _Relay_54@0                10001b65 f   d3d9_device.obj
 0001:00000b78       _Relay_55@0                10001b78 f   d3d9_device.obj
 0001:00000b8b       _Relay_56@0                10001b8b f   d3d9_device.obj
 0001:00000b9e       _Relay_58@0                10001b9e f   d3d9_device.obj
 0001:00000bb1       _Relay_59@0                10001bb1 f   d3d9_device.obj
 0001:00000bc4       _Relay_60@0                10001bc4 f   d3d9_device.obj
 0001:00000bd7       _Relay_61@0                10001bd7 f   d3d9_device.obj
 0001:00000bea       _Relay_62@0                10001bea f   d3d9_device.obj
 0001:00000bfd       _Relay_63@0                10001bfd f   d3d9_device.obj
 0001:00000c10       _Relay_64@0                10001c10 f   d3d9_device.obj
 0001:00000c23       _Relay_66@0                10001c23 f   d3d9_device.obj
 0001:00000c36       _Relay_67@0                10001c36 f   d3d9_device.obj
 0001:00000c49       _Relay_68@0                10001c49 f   d3d9_device.obj
 0001:00000c5c       _Relay_69@0                10001c5c f   d3d9_device.obj
 0001:00000c6f       _Relay_70@0                10001c6f f   d3d9_device.obj
 0001:00000c82       _Relay_71@0                10001c82 f   d3d9_device.obj
 0001:00000c95       _Relay_72@0                10001c95 f   d3d9_device.obj
 0001:00000ca8       _Relay_73@0                10001ca8 f   d3d9_device.obj
 0001:00000cbb       _Relay_74@0                10001cbb f   d3d9_device.obj
 0001:00000cce       _Relay_75@0                10001cce f   d3d9_device.obj
 0001:00000ce1       _Relay_76@0                10001ce1 f   d3d9_device.obj
 0001:00000cf4       _Relay_77@0                10001cf4 f   d3d9_device.obj
 0001:00000d07       _Relay_78@0                10001d07 f   d3d9_device.obj
 0001:00000d1a       _Relay_79@0                10001d1a f   d3d9_device.obj
 0001:00000d2d       _Relay_80@0                10001d2d f   d3d9_device.obj
 0001:00000d40       _Relay_83@0                10001d40 f   d3d9_device.obj
 0001:00000d53       _Relay_84@0                10001d53 f   d3d9_device.obj
 0001:00000d66       _Relay_85@0                10001d66 f   d3d9_device.obj
 0001:00000d79       _Relay_86@0                10001d79 f   d3d9_device.obj
 0001:00000d8c       _Relay_88@0                10001d8c f   d3d9_device.obj
 0001:00000d9f       _Relay_90@0                10001d9f f   d3d9_device.obj
 0001:00000db2       _Relay_93@0                10001db2 f   d3d9_device.obj
 0001:00000dc5       _Relay_95@0                10001dc5 f   d3d9_device.obj
 0001:00000dd8       _Relay_96@0                10001dd8 f   d3d9_device.obj
 0001:00000deb       _Relay_97@0                10001deb f   d3d9_device.obj
 0001:00000dfe       _Relay_98@0                10001dfe f   d3d9_device.obj
 0001:00000e11       _Relay_99@0                10001e11 f   d3d9_device.obj
 0001:00000e24       _VBLock_Hook@20            10001e24 f   d3d9_device.obj
 0001:00000e7b       _VBUnlock_Hook@4           10001e7b f   d3d9_device.obj
 0001:00000f15       _WD_AddRef@4               10001f15 f   d3d9_device.obj
 0001:00000f28       _WD_CreateVertexBuffer@28  10001f28 f   d3d9_device.obj
 0001:00000f6a       _WD_CreateVertexShader@12  10001f6a f   d3d9_device.obj
 0001:00001005       _WD_DrawIndexedPrimitive@28 10002005 f   d3d9_device.obj
 0001:000012ed       _WD_DrawPrimitive@16       100022ed f   d3d9_device.obj
 0001:00001353       _WD_Present@20             10002353 f   d3d9_device.obj
 0001:00001396       _WD_QueryInterface@12      10002396 f   d3d9_device.obj
 0001:000013ad       _WD_Release@4              100023ad f   d3d9_device.obj
 0001:000013e0       _WD_Reset@8                100023e0 f   d3d9_device.obj
 0001:0000142e       _WD_SetFVF@8               1000242e f   d3d9_device.obj
 0001:00001456       _WD_SetPixelShader@8       10002456 f   d3d9_device.obj
 0001:00001474       _WD_SetRenderState@12      10002474 f   d3d9_device.obj
 0001:000014ab       _WD_SetStreamSource@20     100024ab f   d3d9_device.obj
 0001:000014e3       _WD_SetTexture@12          100024e3 f   d3d9_device.obj
 0001:0000150c       _WD_SetTransform@12        1000250c f   d3d9_device.obj
 0001:0000167f       _WD_SetVertexDeclaration@8 1000267f f   d3d9_device.obj
 0001:000016a7       _WD_SetVertexShader@8      100026a7 f   d3d9_device.obj
 0001:000016f6       _WD_SetVertexShaderConstantF@16 100026f6 f   d3d9_device.obj
 0001:00001de5       _applyCentroidOrMvpPath    10002de5 f   d3d9_device.obj
 0001:00001f4b       _applyMvPath               10002f4b f   d3d9_device.obj
 0001:0000203f       _ensureInvProj             1000303f f   d3d9_device.obj
 0001:00002081       _initialize_remix_api      10003081 f   d3d9_device.obj
 0001:00002161       _mat4_invOrthogonal        10003161 f   d3d9_device.obj
 0001:0000223f       _mat4_invert               1000323f f   d3d9_device.obj
 0001:000026b8       _mat4_multiply             100036b8 f   d3d9_device.obj
 0001:00002748       _mat4_transpose            10003748 f   d3d9_device.obj
 0001:000027ff       _parse_tag_option          100037ff f   d3d9_device.obj
 0001:00002a48       _reload_remix_tag_config   10003a48 f   d3d9_device.obj
 0001:00002c1e       _tag_terrain_texture       10003c1e f   d3d9_device.obj
 0001:00002d75       _texture_hash_is_tagged    10003d75 f   d3d9_device.obj
 0001:00002da4       _vb_hook_vtable            10003da4 f   d3d9_device.obj
 0002:00000280       ?elements@?1??ensure_particle_declaration@@9@9 10004280     d3d9_device.obj
 0002:000002a0       _s_identity                100042a0     d3d9_device.obj
 0002:000002e0       ?digits@?1??hash_to_hex@@9@9 100042e0     d3d9_device.obj
 0002:00000610       .edata                     10004610     d3d9_symbols.exp
 0002:00000638       rgpv                       10004638     d3d9_symbols.exp
 0002:00000644       rgszName                   10004644     d3d9_symbols.exp
 0002:00000650       rgwOrd                     10004650     d3d9_symbols.exp
 0002:00000656       szName                     10004656     d3d9_symbols.exp
 0002:0000065f       $N00001                    1000465f     d3d9_symbols.exp
 0002:0000066f       $N00002                    1000466f     d3d9_symbols.exp
 0002:00000683       $N00003                    10004683     d3d9_symbols.exp
 0002:00000964       .idata$6                   10004964     kernel32:KERNEL32.dll
 0003:00000000       _g_logFile                 10005000     d3d9_main.obj
 0003:00000010       _g_realD3D9                10005010     d3d9_main.obj
 0003:00000014       _g_preloadDLL              10005014     d3d9_main.obj
 0003:00000018       _g_realDirect3DCreate9     10005018     d3d9_main.obj
 0003:00000020       _s_d3d9_vtbl               10005020     d3d9_wrapper.obj
 0003:00000070       _g_vbLocks                 10005070     d3d9_device.obj
 0003:00000270       _g_vbSamples               10005270     d3d9_device.obj
 0003:00010270       _g_vbSampleCount           10015270     d3d9_device.obj
 0003:00010274       _g_vbVtblHooked            10015274     d3d9_device.obj
 0003:00010278       _g_origVBLock              10015278     d3d9_device.obj
 0003:0001027c       _g_origVBUnlock            1001527c     d3d9_device.obj
 0003:00010280       _g_curStream0VB            10015280     d3d9_device.obj
 0003:00010284       _g_terrainHashCount        10015284     d3d9_device.obj
 0003:00010288       _g_remix                   10015288     d3d9_device.obj
 0003:0001032c       _g_particleTextureHashCount 1001532c     d3d9_device.obj
 0003:00010330       _g_terrainHashes           10015330     d3d9_device.obj
 0003:00010530       _g_particleTextureHashes   10015530     d3d9_device.obj
 0003:00010d30       _g_decalTextureHashes      10015d30     d3d9_device.obj
 0003:00011530       _g_decalTextureHashCount   10016530     d3d9_device.obj
 0003:00011534       _g_remixTagConfigWriteTime 10016534     d3d9_device.obj
 0003:0001153c       _g_remixTagConfigLoaded    1001653c     d3d9_device.obj
 0003:00011540       _g_loggedTerrainScope      10016540     d3d9_device.obj
 0003:00011544       _g_loggedRemixInitFailure  10016544     d3d9_device.obj
 0003:00011548       _g_loggedTextureHashFailure 10016548     d3d9_device.obj
 0003:0001154c       _g_loggedTextureHashZero   1001654c     d3d9_device.obj
 0003:00011550       _g_loggedTerrainAddFailure 10016550     d3d9_device.obj
 0003:00011558       _s_device_vtbl             10016558     d3d9_device.obj
